// Jest Snapshot v1, https://goo.gl/fbAQLP

exports[`Empty Components (without slots,methods,props,events) can be forced to be rendered Does render an empty component by with @hjtvuese in the description 1`] = `
Object {
  "componentName": "MyComponent",
  "content": "# MyComponent

This is a description of the component. Supplementary description

",
  "groupName": "BASIC",
}
`;

exports[`Empty Components (without slots,methods,props,events) can be forced to be rendered Does render an empty component by with @hjtvuese in the description 2`] = `Object {}`;

exports[`Proper rendering of the table header 1`] = `
Object {
  "data": "|Name|Type|Description|Default|
|---|---|---|---|
|someVariable|\`String\`|Does something|-|
",
  "events": "|Event Name|Description|Parameters|
|---|---|---|
|click|Triggered when clicked|a boolean value|
",
  "methods": "|Method|Description|Parameters|
|---|---|---|
|clear|Clear form|a boolean value|
",
  "mixIns": "|MixIn|
|---|
|MixIn|
",
  "props": "|Name|Description|Type|Required|Default|
|---|---|---|---|---|
|someProp|Represents the direction of the arrow|\`TOP\` / \`BOTTOM\`|\`true\`|\`TOP\`|
",
  "slots": "|Name|Description|Default Slot Content|
|---|---|---|
|header|Table header|\`<th>{{title}}</th>\`|
",
  "watch": "|Name|Description|Parameters|
|---|---|---|
|question|Something about a question|a string value|
",
}
`;

exports[`Proper rendering of the table header 2`] = `
Object {
  "componentName": "MyComponent",
  "content": "# MyComponent

This is a description of the component

## Props

<!-- @hjtvuese:MyComponent:props:start -->
|Name|Description|Type|Required|Default|
|---|---|---|---|---|
|someProp|Represents the direction of the arrow|\`TOP\` / \`BOTTOM\`|\`true\`|\`TOP\`|

<!-- @hjtvuese:MyComponent:props:end -->


## Events

<!-- @hjtvuese:MyComponent:events:start -->
|Event Name|Description|Parameters|
|---|---|---|
|click|Triggered when clicked|a boolean value|

<!-- @hjtvuese:MyComponent:events:end -->


## Slots

<!-- @hjtvuese:MyComponent:slots:start -->
|Name|Description|Default Slot Content|
|---|---|---|
|header|Table header|\`<th>{{title}}</th>\`|

<!-- @hjtvuese:MyComponent:slots:end -->


## Methods

<!-- @hjtvuese:MyComponent:methods:start -->
|Method|Description|Parameters|
|---|---|---|
|clear|Clear form|a boolean value|

<!-- @hjtvuese:MyComponent:methods:end -->


## MixIns

<!-- @hjtvuese:MyComponent:mixIns:start -->
|MixIn|
|---|
|MixIn|

<!-- @hjtvuese:MyComponent:mixIns:end -->


## Data

<!-- @hjtvuese:MyComponent:data:start -->
|Name|Type|Description|Default|
|---|---|---|---|
|someVariable|\`String\`|Does something|-|

<!-- @hjtvuese:MyComponent:data:end -->


## Watch

<!-- @hjtvuese:MyComponent:watch:start -->
|Name|Description|Parameters|
|---|---|---|
|question|Something about a question|a string value|

<!-- @hjtvuese:MyComponent:watch:end -->


",
  "groupName": "My Group",
}
`;
